Wizard found, running with the wizard...
Running with Metrics Capture as well.
Clearing Gifs...Running the application with the wizard :3
"Hello" - The Wizard
INFO: Initializing raylib 5.6-dev
INFO: Platform backend: DESKTOP (GLFW)
INFO: Supported raylib modules:
INFO:     > rcore:..... loaded (mandatory)
INFO:     > rlgl:...... loaded (mandatory)
INFO:     > rshapes:... loaded (optional)
INFO:     > rtextures:. loaded (optional)
INFO:     > rtext:..... loaded (optional)
INFO:     > rmodels:... loaded (optional)
INFO:     > raudio:.... loaded (optional)
INFO: DISPLAY: Device initialized successfully
INFO:     > Display size: 1400 x 900
INFO:     > Screen size:  800 x 800
INFO:     > Render size:  800 x 800
INFO:     > Viewport offsets: 0, 0
INFO: GLAD: OpenGL extensions loaded successfully
INFO: GL: Supported extensions count: 231
INFO: GL: OpenGL device information:
INFO:     > Vendor:   Intel
INFO:     > Renderer: Mesa Intel(R) UHD Graphics 620 (KBL GT2)
INFO:     > Version:  4.6 (Core Profile) Mesa 25.0.7-0ubuntu0.24.04.1
INFO:     > GLSL:     4.60
INFO: GL: VAO extension detected, VAO functions loaded successfully
INFO: GL: NPOT textures extension detected, full NPOT textures supported
INFO: GL: DXT compressed textures supported
INFO: GL: ETC2/EAC compressed textures supported
INFO: PLATFORM: DESKTOP (GLFW - X11): Initialized successfully
INFO: TEXTURE: [ID 1] Texture loaded successfully (1x1 | R8G8B8A8 | 1 mipmaps)
INFO: TEXTURE: [ID 1] Default texture loaded successfully
INFO: SHADER: [ID 1] Vertex shader compiled successfully
INFO: SHADER: [ID 2] Fragment shader compiled successfully
INFO: SHADER: [ID 3] Program shader loaded successfully
INFO: SHADER: [ID 3] Default shader loaded successfully
INFO: RLGL: Render batch vertex buffers loaded successfully in RAM (CPU)
INFO: RLGL: Render batch vertex buffers loaded successfully in VRAM (GPU)
INFO: RLGL: Default OpenGL state initialized successfully
INFO: TEXTURE: [ID 2] Texture loaded successfully (128x128 | GRAY_ALPHA | 1 mipmaps)
INFO: FONT: Default font loaded successfully (224 glyphs)
INFO: SYSTEM: Working Directory: /home/orix/Desktop/Programming/Hobby Projects/CoffeeCore
INFO: TIMER: Target time per frame: 33.333 milliseconds
[H[2J[3JINFO: TEXTURE: [ID 3] Texture loaded successfully (780x200 | R8G8B8A8 | 1 mipmaps)
INFO: TEXTURE: [ID 1] Depth renderbuffer loaded successfully (32 bits)
INFO: FBO: [ID 1] Framebuffer object created successfully
INFO: TEXTURE: [ID 4] Texture loaded successfully (780x400 | R8G8B8A8 | 1 mipmaps)
INFO: TEXTURE: [ID 2] Depth renderbuffer loaded successfully (32 bits)
INFO: FBO: [ID 2] Framebuffer object created successfully
 t = CoffeeCore
 t = MemoryBlock
1 | [0x0] { LOAD( 5,  0) <0> }
2 | [0x4] { JUMP( 16,  0) <0> }
3 | [0x4] { RETURN( 28,  0) <0> }
Texture IDs:
PC == 0
 cycles_until_execution == 3
PC == 1
 cycles_until_execution == 2
PC == 2
 cycles_until_execution == 1
PC == 3
 cycles_until_execution == 0

--------------------------------------
Querying CoffeeCore
PC	| 3
ins	| LOAD
para 1	| 5
para 2	| 0
opera	| 0

--------------------------------------
Executing function loading into A
PC == 4
 cycles_until_execution == 3
PC == 5
 cycles_until_execution == 2
PC == 6
 cycles_until_execution == 1
PC == 7
 cycles_until_execution == 0

--------------------------------------
Querying CoffeeCore
PC	| 7
ins	| RETURN
para 1	| 28
para 2	| 0
opera	| 0

--------------------------------------
Executing function PC == 0
 cycles_until_execution == 3
PC == 1
 cycles_until_execution == 2
PC == 2
 cycles_until_execution == 1
PC == 3
 cycles_until_execution == 0

--------------------------------------
Querying CoffeeCore
PC	| 3
ins	| LOAD
para 1	| 5
para 2	| 0
opera	| 0

--------------------------------------
Executing function loading into A
PC == 4
 cycles_until_execution == 3
PC == 5
 cycles_until_execution == 2
PC == 6
 cycles_until_execution == 1
PC == 7
 cycles_until_execution == 0

--------------------------------------
Querying CoffeeCore
PC	| 7
ins	| RETURN
para 1	| 28
para 2	| 0
opera	| 0

--------------------------------------
Executing function PC == 0
 cycles_until_execution == 3
PC == 1
 cycles_until_execution == 2
PC == 2
 cycles_until_execution == 1
PC == 3
 cycles_until_execution == 0

--------------------------------------
Querying CoffeeCore
PC	| 3
ins	| LOAD
para 1	| 5
para 2	| 0
opera	| 0

--------------------------------------
Executing function loading into A
PC == 4
 cycles_until_execution == 3
PC == 5
 cycles_until_execution == 2
PC == 6
 cycles_until_execution == 1
PC == 7
 cycles_until_execution == 0

--------------------------------------
Querying CoffeeCore
PC	| 7
ins	| RETURN
para 1	| 28
para 2	| 0
opera	| 0

--------------------------------------
Executing function PC == 0
 cycles_until_execution == 3
PC == 1
 cycles_until_execution == 2
PC == 2
 cycles_until_execution == 1
PC == 3
 cycles_until_execution == 0

--------------------------------------
Querying CoffeeCore
PC	| 3
ins	| LOAD
para 1	| 5
para 2	| 0
opera	| 0

--------------------------------------
Executing function loading into A
PC == 4
 cycles_until_execution == 3
PC == 5
 cycles_until_execution == 2
PC == 6
 cycles_until_execution == 1
PC == 7
 cycles_until_execution == 0

--------------------------------------
Querying CoffeeCore
PC	| 7
ins	| RETURN
para 1	| 28
para 2	| 0
opera	| 0

--------------------------------------
Executing function PC == 0
 cycles_until_execution == 3
PC == 1
 cycles_until_execution == 2
PC == 2
 cycles_until_execution == 1
PC == 3
 cycles_until_execution == 0

--------------------------------------
Querying CoffeeCore
PC	| 3
ins	| LOAD
para 1	| 5
para 2	| 0
opera	| 0

--------------------------------------
Executing function loading into A
PC == 4
 cycles_until_execution == 3
PC == 5
 cycles_until_execution == 2
PC == 6
 cycles_until_execution == 1
PC == 7
 cycles_until_execution == 0

--------------------------------------
Querying CoffeeCore
PC	| 7
ins	| RETURN
para 1	| 28
para 2	| 0
opera	| 0

--------------------------------------
Executing function PC == 0
 cycles_until_execution == 3
PC == 1
 cycles_until_execution == 2
PC == 2
 cycles_until_execution == 1
PC == 3
 cycles_until_execution == 0

--------------------------------------
Querying CoffeeCore
PC	| 3
ins	| LOAD
para 1	| 5
para 2	| 0
opera	| 0

--------------------------------------
Executing function loading into A
PC == 4
 cycles_until_execution == 3
PC == 5
 cycles_until_execution == 2
PC == 6
 cycles_until_execution == 1
PC == 7
 cycles_until_execution == 0

--------------------------------------
Querying CoffeeCore
PC	| 7
ins	| RETURN
para 1	| 28
para 2	| 0
opera	| 0

--------------------------------------
Executing function PC == 0
 cycles_until_execution == 3
PC == 1
 cycles_until_execution == 2
PC == 2
 cycles_until_execution == 1
PC == 3
 cycles_until_execution == 0

--------------------------------------
Querying CoffeeCore
PC	| 3
ins	| LOAD
para 1	| 5
para 2	| 0
opera	| 0

--------------------------------------
Executing function loading into A
PC == 4
 cycles_until_execution == 3
PC == 5
 cycles_until_execution == 2
PC == 6
 cycles_until_execution == 1
PC == 7
 cycles_until_execution == 0

--------------------------------------
Querying CoffeeCore
PC	| 7
ins	| RETURN
para 1	| 28
para 2	| 0
opera	| 0

--------------------------------------
Executing function PC == 0
 cycles_until_execution == 3
PC == 1
 cycles_until_execution == 2
PC == 2
 cycles_until_execution == 1
PC == 3
 cycles_until_execution == 0

--------------------------------------
Querying CoffeeCore
PC	| 3
ins	| LOAD
para 1	| 5
para 2	| 0
opera	| 0

--------------------------------------
Executing function loading into A
PC == 4
 cycles_until_execution == 3
PC == 5
 cycles_until_execution == 2
PC == 6
 cycles_until_execution == 1
PC == 7
 cycles_until_execution == 0

--------------------------------------
Querying CoffeeCore
PC	| 7
ins	| RETURN
para 1	| 28
para 2	| 0
opera	| 0

--------------------------------------
Executing function PC == 0
 cycles_until_execution == 3
PC == 1
 cycles_until_execution == 2
PC == 2
 cycles_until_execution == 1
PC == 3
 cycles_until_execution == 0

--------------------------------------
Querying CoffeeCore
PC	| 3
ins	| LOAD
para 1	| 5
para 2	| 0
opera	| 0

--------------------------------------
Executing function loading into A
PC == 4
 cycles_until_execution == 3
PC == 5
 cycles_until_execution == 2
PC == 6
 cycles_until_execution == 1
PC == 7
 cycles_until_execution == 0

--------------------------------------
Querying CoffeeCore
PC	| 7
ins	| RETURN
para 1	| 28
para 2	| 0
opera	| 0

--------------------------------------
Executing function PC == 0
 cycles_until_execution == 3
PC == 1
 cycles_until_execution == 2
PC == 2
 cycles_until_execution == 1
PC == 3
 cycles_until_execution == 0

--------------------------------------
Querying CoffeeCore
PC	| 3
ins	| LOAD
para 1	| 5
para 2	| 0
opera	| 0

--------------------------------------
Executing function loading into A
PC == 4
 cycles_until_execution == 3
PC == 5
 cycles_until_execution == 2
PC == 6
 cycles_until_execution == 1
PC == 7
 cycles_until_execution == 0

--------------------------------------
Querying CoffeeCore
PC	| 7
ins	| RETURN
para 1	| 28
para 2	| 0
opera	| 0

--------------------------------------
Executing function PC == 0
 cycles_until_execution == 3
PC == 1
 cycles_until_execution == 2
PC == 2
 cycles_until_execution == 1
PC == 3
 cycles_until_execution == 0

--------------------------------------
Querying CoffeeCore
PC	| 3
ins	| LOAD
para 1	| 5
para 2	| 0
opera	| 0

--------------------------------------
Executing function loading into A
PC == 4
 cycles_until_execution == 3
PC == 5
 cycles_until_execution == 2
PC == 6
 cycles_until_execution == 1
PC == 7
 cycles_until_execution == 0

--------------------------------------
Querying CoffeeCore
PC	| 7
ins	| RETURN
para 1	| 28
para 2	| 0
opera	| 0

--------------------------------------
Executing function PC == 0
 cycles_until_execution == 3
PC == 1
 cycles_until_execution == 2
PC == 2
 cycles_until_execution == 1
PC == 3
 cycles_until_execution == 0

--------------------------------------
Querying CoffeeCore
PC	| 3
ins	| LOAD
para 1	| 5
para 2	| 0
opera	| 0

--------------------------------------
Executing function loading into A
PC == 4
 cycles_until_execution == 3
PC == 5
 cycles_until_execution == 2
PC == 6
 cycles_until_execution == 1
PC == 7
 cycles_until_execution == 0

--------------------------------------
Querying CoffeeCore
PC	| 7
ins	| RETURN
para 1	| 28
para 2	| 0
opera	| 0

--------------------------------------
Executing function PC == 0
 cycles_until_execution == 3
PC == 1
 cycles_until_execution == 2
PC == 2
 cycles_until_execution == 1
PC == 3
 cycles_until_execution == 0

--------------------------------------
Querying CoffeeCore
PC	| 3
ins	| LOAD
para 1	| 5
para 2	| 0
opera	| 0

--------------------------------------
Executing function loading into A
PC == 4
 cycles_until_execution == 3
PC == 5
 cycles_until_execution == 2
PC == 6
 cycles_until_execution == 1
PC == 7
 cycles_until_execution == 0

--------------------------------------
Querying CoffeeCore
PC	| 7
ins	| RETURN
para 1	| 28
para 2	| 0
opera	| 0

--------------------------------------
Executing function PC == 0
 cycles_until_execution == 3
PC == 1
 cycles_until_execution == 2
PC == 2
 cycles_until_execution == 1
PC == 3
 cycles_until_execution == 0

--------------------------------------
Querying CoffeeCore
PC	| 3
ins	| LOAD
para 1	| 5
para 2	| 0
opera	| 0

--------------------------------------
Executing function loading into A
PC == 4
 cycles_until_execution == 3
PC == 5
 cycles_until_execution == 2
PC == 6
 cycles_until_execution == 1
PC == 7
 cycles_until_execution == 0

--------------------------------------
Querying CoffeeCore
PC	| 7
ins	| RETURN
para 1	| 28
para 2	| 0
opera	| 0

--------------------------------------
Executing function PC == 0
 cycles_until_execution == 3
PC == 1
 cycles_until_execution == 2
PC == 2
 cycles_until_execution == 1
PC == 3
 cycles_until_execution == 0

--------------------------------------
Querying CoffeeCore
PC	| 3
ins	| LOAD
para 1	| 5
para 2	| 0
opera	| 0

--------------------------------------
Executing function loading into A
PC == 4
 cycles_until_execution == 3
PC == 5
 cycles_until_execution == 2
PC == 6
 cycles_until_execution == 1
PC == 7
 cycles_until_execution == 0

--------------------------------------
Querying CoffeeCore
PC	| 7
ins	| RETURN
para 1	| 28
para 2	| 0
opera	| 0

--------------------------------------
Executing function PC == 0
 cycles_until_execution == 3
PC == 1
 cycles_until_execution == 2
PC == 2
 cycles_until_execution == 1
PC == 3
 cycles_until_execution == 0

--------------------------------------
Querying CoffeeCore
PC	| 3
ins	| LOAD
para 1	| 5
para 2	| 0
opera	| 0

--------------------------------------
Executing function loading into A
PC == 4
 cycles_until_execution == 3
PC == 5
 cycles_until_execution == 2
PC == 6
 cycles_until_execution == 1
PC == 7
 cycles_until_execution == 0

--------------------------------------
Querying CoffeeCore
PC	| 7
ins	| RETURN
para 1	| 28
para 2	| 0
opera	| 0

--------------------------------------
Executing function PC == 0
 cycles_until_execution == 3
PC == 1
 cycles_until_execution == 2
PC == 2
 cycles_until_execution == 1
PC == 3
 cycles_until_execution == 0

--------------------------------------
Querying CoffeeCore
PC	| 3
ins	| LOAD
para 1	| 5
para 2	| 0
opera	| 0

--------------------------------------
Executing function loading into A
PC == 4
 cycles_until_execution == 3
PC == 5
 cycles_until_execution == 2
PC == 6
 cycles_until_execution == 1
PC == 7
 cycles_until_execution == 0

--------------------------------------
Querying CoffeeCore
PC	| 7
ins	| RETURN
para 1	| 28
para 2	| 0
opera	| 0

--------------------------------------
Executing function PC == 0
 cycles_until_execution == 3
PC == 1
 cycles_until_execution == 2
PC == 2
 cycles_until_execution == 1
PC == 3
 cycles_until_execution == 0

--------------------------------------
Querying CoffeeCore
PC	| 3
ins	| LOAD
para 1	| 5
para 2	| 0
opera	| 0

--------------------------------------
Executing function loading into A
PC == 4
 cycles_until_execution == 3
PC == 5
 cycles_until_execution == 2
PC == 6
 cycles_until_execution == 1
PC == 7
 cycles_until_execution == 0

--------------------------------------
Querying CoffeeCore
PC	| 7
ins	| RETURN
para 1	| 28
para 2	| 0
opera	| 0

--------------------------------------
Executing function PC == 0
 cycles_until_execution == 3
PC == 1
 cycles_until_execution == 2
PC == 2
 cycles_until_execution == 1
PC == 3
 cycles_until_execution == 0

--------------------------------------
Querying CoffeeCore
PC	| 3
ins	| LOAD
para 1	| 5
para 2	| 0
opera	| 0

--------------------------------------
Executing function loading into A
PC == 4
 cycles_until_execution == 3
PC == 5
 cycles_until_execution == 2
PC == 6
 cycles_until_execution == 1
PC == 7
 cycles_until_execution == 0

--------------------------------------
Querying CoffeeCore
PC	| 7
ins	| RETURN
para 1	| 28
para 2	| 0
opera	| 0

--------------------------------------
Executing function PC == 0
 cycles_until_execution == 3
PC == 1
 cycles_until_execution == 2
PC == 2
 cycles_until_execution == 1
PC == 3
 cycles_until_execution == 0

--------------------------------------
Querying CoffeeCore
PC	| 3
ins	| LOAD
para 1	| 5
para 2	| 0
opera	| 0

--------------------------------------
Executing function loading into A
PC == 4
 cycles_until_execution == 3
PC == 5
 cycles_until_execution == 2
PC == 6
 cycles_until_execution == 1
PC == 7
 cycles_until_execution == 0

--------------------------------------
Querying CoffeeCore
PC	| 7
ins	| RETURN
para 1	| 28
para 2	| 0
opera	| 0

--------------------------------------
Executing function PC == 0
 cycles_until_execution == 3
PC == 1
 cycles_until_execution == 2
PC == 2
 cycles_until_execution == 1
PC == 3
 cycles_until_execution == 0

--------------------------------------
Querying CoffeeCore
PC	| 3
ins	| LOAD
para 1	| 5
para 2	| 0
opera	| 0

--------------------------------------
Executing function loading into A
PC == 4
 cycles_until_execution == 3
PC == 5
 cycles_until_execution == 2
PC == 6
 cycles_until_execution == 1
PC == 7
 cycles_until_execution == 0

--------------------------------------
Querying CoffeeCore
PC	| 7
ins	| RETURN
para 1	| 28
para 2	| 0
opera	| 0

--------------------------------------
Executing function PC == 0
 cycles_until_execution == 3
PC == 1
 cycles_until_execution == 2
PC == 2
 cycles_until_execution == 1
PC == 3
 cycles_until_execution == 0

--------------------------------------
Querying CoffeeCore
PC	| 3
ins	| LOAD
para 1	| 5
para 2	| 0
opera	| 0

--------------------------------------
Executing function loading into A
PC == 4
 cycles_until_execution == 3
PC == 5
 cycles_until_execution == 2
PC == 6
 cycles_until_execution == 1
PC == 7
 cycles_until_execution == 0

--------------------------------------
Querying CoffeeCore
PC	| 7
ins	| RETURN
para 1	| 28
para 2	| 0
opera	| 0

--------------------------------------
Executing function PC == 0
 cycles_until_execution == 3
PC == 1
 cycles_until_execution == 2
PC == 2
 cycles_until_execution == 1
PC == 3
 cycles_until_execution == 0

--------------------------------------
Querying CoffeeCore
PC	| 3
ins	| LOAD
para 1	| 5
para 2	| 0
opera	| 0

--------------------------------------
Executing function loading into A
PC == 4
 cycles_until_execution == 3
PC == 5
 cycles_until_execution == 2
PC == 6
 cycles_until_execution == 1
PC == 7
 cycles_until_execution == 0

--------------------------------------
Querying CoffeeCore
PC	| 7
ins	| RETURN
para 1	| 28
para 2	| 0
opera	| 0

--------------------------------------
Executing function PC == 0
 cycles_until_execution == 3
PC == 1
 cycles_until_execution == 2
PC == 2
 cycles_until_execution == 1
PC == 3
 cycles_until_execution == 0

--------------------------------------
Querying CoffeeCore
PC	| 3
ins	| LOAD
para 1	| 5
para 2	| 0
opera	| 0

--------------------------------------
Executing function loading into A
PC == 4
 cycles_until_execution == 3
PC == 5
 cycles_until_execution == 2
PC == 6
 cycles_until_execution == 1
PC == 7
 cycles_until_execution == 0

--------------------------------------
Querying CoffeeCore
PC	| 7
ins	| RETURN
para 1	| 28
para 2	| 0
opera	| 0

--------------------------------------
Executing function PC == 0
 cycles_until_execution == 3
PC == 1
 cycles_until_execution == 2
PC == 2
 cycles_until_execution == 1
PC == 3
 cycles_until_execution == 0

--------------------------------------
Querying CoffeeCore
PC	| 3
ins	| LOAD
para 1	| 5
para 2	| 0
opera	| 0

--------------------------------------
Executing function loading into A
PC == 4
 cycles_until_execution == 3
PC == 5
 cycles_until_execution == 2
PC == 6
 cycles_until_execution == 1
PC == 7
 cycles_until_execution == 0

--------------------------------------
Querying CoffeeCore
PC	| 7
ins	| RETURN
para 1	| 28
para 2	| 0
opera	| 0

--------------------------------------
Executing function PC == 0
 cycles_until_execution == 3
PC == 1
 cycles_until_execution == 2
PC == 2
 cycles_until_execution == 1
PC == 3
 cycles_until_execution == 0

--------------------------------------
Querying CoffeeCore
PC	| 3
ins	| LOAD
para 1	| 5
para 2	| 0
opera	| 0

--------------------------------------
Executing function loading into A
PC == 4
 cycles_until_execution == 3
PC == 5
 cycles_until_execution == 2
PC == 6
 cycles_until_execution == 1
PC == 7
 cycles_until_execution == 0

--------------------------------------
Querying CoffeeCore
PC	| 7
ins	| RETURN
para 1	| 28
para 2	| 0
opera	| 0

--------------------------------------
Executing function PC == 87
 cycles_until_execution == 3
PC == 88
 cycles_until_execution == 2
PC == 89
 cycles_until_execution == 1
PC == 90
 cycles_until_execution == 0

--------------------------------------
Querying CoffeeCore
PC	| 90
ins	| JUMP
para 1	| 1
para 2	| 1
opera	| 1

--------------------------------------
Executing function Jumping from 1 from Z
PC == 2
 cycles_until_execution == 3
PC == 3
 cycles_until_execution == 2
PC == 4
 cycles_until_execution == 1
PC == 5
 cycles_until_execution == 0

--------------------------------------
Querying CoffeeCore
PC	| 5
ins	| LOAD
para 1	| 0
para 2	| 2
opera	| 28

--------------------------------------
Executing function loading into A
PC == 6
 cycles_until_execution == 3
PC == 7
 cycles_until_execution == 2
